// Jest Snapshot v1, https://goo.gl/fbAQLP

exports[`EntryPoint renders correctly 1`] = `<toBinaryView />`;
